// Vitest Snapshot v1, https://vitest.dev/guide/snapshot.html

exports[`Cart > Renders Cart is empty if it is empty 1`] = `
<div>
  <div>
    Cart
  </div>
</div>
`;
